{
  "version": "8.0.0.802",
  "id": "BenthicSoftware.Golden"
}
